// Jest Snapshot v1, https://goo.gl/fbAQLP

exports[`GalleryPage component Snapshot SNAPSHOT 1`] = `undefined`;
