// Jest Snapshot v1, https://goo.gl/fbAQLP

exports[`Footer component SNAPSHOT 1`] = `
<styled.footer>
  <small>
    Â© 2018-2019
  </small>
</styled.footer>
`;
