// Jest Snapshot v1, https://goo.gl/fbAQLP

exports[`Footer component SNAPSHOT 1`] = `
<footer
  class="sc-bdfBwQ jygzMn"
>
  <small>
    Â© 2018-2019
  </small>
</footer>
`;
