// Jest Snapshot v1, https://goo.gl/fbAQLP

exports[`Header component SNAPSHOT 1`] = `
<styled.header>
  <h1>
    TEST APP
  </h1>
</styled.header>
`;
