// Jest Snapshot v1, https://goo.gl/fbAQLP

exports[`Header component SNAPSHOT 1`] = `
<header
  class="sc-gsTCUz jmMyoC"
>
  <h1>
    TEST APP
  </h1>
</header>
`;
