// Jest Snapshot v1, https://goo.gl/fbAQLP

exports[`PageNotFound component SNAPSHOT 1`] = `
<div>
  <h2>
    404
  </h2>
</div>
`;
