// Jest Snapshot v1, https://goo.gl/fbAQLP

exports[`ImageCard component SNAPSHOT 1`] = `
<Styled(Image)
  alt="photo"
  rounded={true}
/>
`;
