// Jest Snapshot v1, https://goo.gl/fbAQLP

exports[`ImageCard component SNAPSHOT 1`] = `
<img
  alt="photo"
  class="sc-iBPRYJ kcuWgS rounded"
/>
`;
