// Jest Snapshot v1, https://goo.gl/fbAQLP

exports[`CloseIcon component SNAPSHOT 1`] = `
<div
  class="sc-dlfnbm fUxuLr"
/>
`;
