// Jest Snapshot v1, https://goo.gl/fbAQLP

exports[`CloseIcon component SNAPSHOT 1`] = `
<styled.div
  onClick={[MockFunction]}
/>
`;
