// Jest Snapshot v1, https://goo.gl/fbAQLP

exports[`APP COMPONENT SNAPSHOT 1`] = `
<div
  class="sc-jrAGrp gzEPbS"
>
  <header
    class="sc-gsTCUz jmMyoC"
  >
    <h1>
      TEST APP
    </h1>
  </header>
  <main />
  <footer
    class="sc-bdfBwQ jygzMn"
  >
    <small>
      Â© 2018-2019
    </small>
  </footer>
</div>
`;
